[backblue.gif]
[fade.gif]
[index.html]
[code.jquery.com/mobile/1.0b1/jquery.mobile-1.0b1.min.css]
[code.jquery.com/jquery-1.6.1.min.js]
[code.jquery.com/mobile/1.0b1/jquery.mobile-1.0b1.min.js]
[jquerymobile.com/demos/1.0b1/docs/_assets/images/jquery-logo.png]
[jquerymobile.com/demos/1.0b1/index.html]
[code.jquery.com/mobile/1.0b1/images/icons-18-white.png]
[code.jquery.com/mobile/1.0b1/images/icons-18-black.png]
[code.jquery.com/mobile/1.0b1/images/icons-36-white.png]
[code.jquery.com/mobile/1.0b1/images/icons-36-black.png]
[code.jquery.com/mobile/1.0b1/images/icon-search-black.png]
[code.jquery.com/mobile/1.0b1/jquery.mobile-1.0b1.min.css]
[code.jquery.com/mobile/1.0b1/images/ajax-loader.png]
[jquerymobile.com/demos/1.0b1/docs/_assets/images/jqm-sitebg.png]
[jquerymobile.com/demos/1.0b1/docs/_assets/images/version.png]
[jquerymobile.com/demos/1.0b1/docs/_assets/css/jqm-docs.css]
[jquerymobile.com/demos/1.0b1/docs/_assets/images/px-ccc.gif]
[code.jquery.com/jquery-1.6.1.min.js]
[jquerymobile.com/demos/1.0b1/experiments/themeswitcher/jquery.mobile.themeswitcher.js]
[jquerymobile.com/demos/1.0b1/docs/_assets/js/jqm-docs.js]
[code.jquery.com/mobile/1.0b1/jquery.mobile-1.0b1.min.js]
[jquerymobile.com/demos/1.0b1/docs/_assets/images/ipad-palm.png]
[jquerymobile.com/demos/1.0b1/docs/about/intro.html]
[jquerymobile.com/demos/1.0b1/docs/about/features.html]
[jquerymobile.com/demos/1.0b1/docs/about/accessibility.html]
[jquerymobile.com/demos/1.0b1/docs/about/platforms.html]
[jquerymobile.com/demos/1.0b1/docs/pages/index.html]
[jquerymobile.com/demos/1.0b1/docs/toolbars/index.html]
[jquerymobile.com/demos/1.0b1/docs/buttons/index.html]
[jquerymobile.com/demos/1.0b1/docs/content/index.html]
[jquerymobile.com/demos/1.0b1/docs/forms/index.html]
[jquerymobile.com/demos/1.0b1/docs/lists/index.html]
[jquerymobile.com/demos/1.0b1/docs/api/globalconfig.html]
[jquerymobile.com/demos/1.0b1/docs/api/events.html]
[jquerymobile.com/demos/1.0b1/docs/api/methods.html]
[jquerymobile.com/demos/1.0b1/docs/api/mediahelpers.html]
[jquerymobile.com/demos/1.0b1/docs/api/themes.html]
[jquerymobile.com/demos/1.0b1/docs/pages/docs-pages.html]
[jquerymobile.com/demos/1.0b1/docs/pages/docs-transitions.html]
[jquerymobile.com/demos/1.0b1/docs/pages/docs-dialogs.html]
[jquerymobile.com/demos/1.0b1/docs/pages/docs-navmodel.html]
[jquerymobile.com/demos/1.0b1/docs/pages/link-formats.html]
[jquerymobile.com/demos/1.0b1/docs/pages/pages-themes.html]
[jquerymobile.com/demos/1.0b1/docs/toolbars/docs-bars.html]
[jquerymobile.com/demos/1.0b1/docs/toolbars/docs-headers.html]
[jquerymobile.com/demos/1.0b1/docs/toolbars/docs-footers.html]
[jquerymobile.com/demos/1.0b1/docs/toolbars/glyphish-icons/09-chat2.png]
[jquerymobile.com/demos/1.0b1/docs/toolbars/glyphish-icons/18-envelope.png]
[jquerymobile.com/demos/1.0b1/docs/toolbars/glyphish-icons/30-key.png]
[jquerymobile.com/demos/1.0b1/docs/toolbars/glyphish-icons/88-beermug.png]
[jquerymobile.com/demos/1.0b1/docs/toolbars/glyphish-icons/100-coffee.png]
[jquerymobile.com/demos/1.0b1/docs/toolbars/glyphish-icons/21-skull.png]
[jquerymobile.com/demos/1.0b1/docs/toolbars/docs-navbar.html]
[jquerymobile.com/demos/1.0b1/docs/toolbars/bars-fixed.html]
[jquerymobile.com/demos/1.0b1/docs/toolbars/images/photo-run.jpeg]
[jquerymobile.com/demos/1.0b1/docs/toolbars/bars-fullscreen.html]
[jquerymobile.com/demos/1.0b1/docs/toolbars/footer-persist-a.html]
[jquerymobile.com/demos/1.0b1/docs/toolbars/bars-themes.html]
[jquerymobile.com/demos/1.0b1/docs/buttons/buttons-types.html]
[jquerymobile.com/demos/1.0b1/docs/buttons/buttons-icons.html]
[jquerymobile.com/demos/1.0b1/docs/buttons/buttons-inline.html]
[jquerymobile.com/demos/1.0b1/docs/buttons/buttons-grouped.html]
[jquerymobile.com/demos/1.0b1/docs/buttons/buttons-themes.html]
[jquerymobile.com/demos/1.0b1/docs/content/content-html.html]
[jquerymobile.com/demos/1.0b1/docs/content/content-grids.html]
[jquerymobile.com/demos/1.0b1/docs/content/content-collapsible.html]
[jquerymobile.com/demos/1.0b1/docs/content/content-themes.html]
[jquerymobile.com/demos/1.0b1/docs/forms/docs-forms.html]
[jquerymobile.com/demos/1.0b1/docs/forms/forms-all.html]
[jquerymobile.com/demos/1.0b1/docs/forms/forms-text.html]
[jquerymobile.com/demos/1.0b1/docs/forms/forms-search.html]
[jquerymobile.com/demos/1.0b1/docs/forms/forms-slider.html]
[jquerymobile.com/demos/1.0b1/docs/forms/forms-switch.html]
[jquerymobile.com/demos/1.0b1/docs/forms/forms-radiobuttons.html]
[jquerymobile.com/demos/1.0b1/docs/forms/forms-checkboxes.html]
[jquerymobile.com/demos/1.0b1/docs/forms/forms-selects.html]
[jquerymobile.com/demos/1.0b1/docs/forms/forms-themes.html]
[jquerymobile.com/demos/1.0b1/docs/forms/forms-all-native.html]
[jquerymobile.com/demos/1.0b1/docs/forms/forms-sample.html]
[jquerymobile.com/demos/1.0b1/docs/forms/plugin-eventsmethods.html]
[jquerymobile.com/demos/1.0b1/docs/lists/docs-lists.html]
[jquerymobile.com/demos/1.0b1/docs/lists/lists-ul.html]
[jquerymobile.com/demos/1.0b1/docs/lists/lists-nested.html]
[jquerymobile.com/demos/1.0b1/docs/lists/lists-ol.html]
[jquerymobile.com/demos/1.0b1/docs/lists/images/album-bb.jpg]
[jquerymobile.com/demos/1.0b1/docs/lists/images/album-hc.jpg]
[jquerymobile.com/demos/1.0b1/docs/lists/images/album-p.jpg]
[jquerymobile.com/demos/1.0b1/docs/lists/images/album-ok.jpg]
[jquerymobile.com/demos/1.0b1/docs/lists/images/album-ws.jpg]
[jquerymobile.com/demos/1.0b1/docs/lists/images/album-rh.jpg]
[jquerymobile.com/demos/1.0b1/docs/lists/images/album-xx.jpg]
[jquerymobile.com/demos/1.0b1/docs/lists/images/album-mg.jpg]
[jquerymobile.com/demos/1.0b1/docs/lists/images/album-ag.jpg]
[jquerymobile.com/demos/1.0b1/docs/lists/images/album-k.jpg]
[jquerymobile.com/demos/1.0b1/docs/lists/images/album-af.jpg]
[jquerymobile.com/demos/1.0b1/docs/lists/lists-split.html]
[jquerymobile.com/demos/1.0b1/docs/lists/lists-divider.html]
[jquerymobile.com/demos/1.0b1/docs/lists/lists-count.html]
[jquerymobile.com/demos/1.0b1/docs/lists/lists-thumbnails.html]
[jquerymobile.com/demos/1.0b1/docs/lists/images/gf.png]
[jquerymobile.com/demos/1.0b1/docs/lists/images/de.png]
[jquerymobile.com/demos/1.0b1/docs/lists/images/gb.png]
[jquerymobile.com/demos/1.0b1/docs/lists/images/fi.png]
[jquerymobile.com/demos/1.0b1/docs/lists/images/sj.png]
[jquerymobile.com/demos/1.0b1/docs/lists/images/us.png]
[jquerymobile.com/demos/1.0b1/docs/lists/lists-icons.html]
[jquerymobile.com/demos/1.0b1/docs/lists/lists-formatting.html]
[jquerymobile.com/demos/1.0b1/docs/lists/lists-search.html]
[jquerymobile.com/demos/1.0b1/docs/lists/lists-search-inset.html]
[jquerymobile.com/demos/1.0b1/docs/lists/lists-search-with-dividers.html]
[jquerymobile.com/demos/1.0b1/docs/lists/lists-readonly.html]
[jquerymobile.com/demos/1.0b1/docs/lists/lists-readonly-inset.html]
[jquerymobile.com/demos/1.0b1/docs/lists/lists-forms.html]
[jquerymobile.com/demos/1.0b1/docs/lists/lists-forms-inset.html]
[jquerymobile.com/demos/1.0b1/docs/lists/lists-inset.html]
[jquerymobile.com/demos/1.0b1/docs/lists/lists-performance.html]
[jquerymobile.com/demos/1.0b1/docs/lists/lists-themes.html]
[jquerymobile.com/demos/1.0b1/docs/api/index.html]
[jquerymobile.com/demos/1.0b1/docs/pages/page-template.html]
[jquerymobile.com/demos/1.0b1/docs/pages/notapage.html]
[jquerymobile.com/demos/1.0b1/docs/pages/multipage-template.html]
[jquerymobile.com/demos/1.0b1/docs/pages/docs-links-urltest/index.html]
[jquerymobile.com/demos/1.0b1/docs/pages/transition-success.html]
[jquerymobile.com/demos/1.0b1/docs/pages/dialog.html]
[jquerymobile.com/demos/1.0b1/docs/pages/dialog-alt.html]
[jquerymobile.com/demos/1.0b1/docs/pages/dialog-buttons.html]
[jquerymobile.com/demos/1.0b1/index-2.html]
[jquerymobile.com/demos/1.0b1/docs/toolbars/footer-persist-b.html]
[jquerymobile.com/demos/1.0b1/docs/toolbars/footer-persist-c.html]
[jquerymobile.com/demos/1.0b1/docs/themes/index.html]
[jquerymobile.com/demos/1.0b1/docs/lists/lists-split-purchase.html]
[jquerymobile.com/demos/1.0b1/themes/default/index.html]
[jquerymobile.com/demos/1.0b1/docs/pages/_assets/css/jqm-docs.html]
[jquerymobile.com/demos/1.0b1/docs/pages/dialog-success.html]
